2026-09-03 05:24:19.661826: I tensorflow/core/util/port.cc:153] oneDNN custom operations are on. You may see slightly different numerical results due to floating-point round-off errors from different computation orders. To turn them off, set the environment variable `TF_ENABLE_ONEDNN_OPTS=0`.
2026-09-03 05:24:38.804132: I tensorflow/core/util/port.cc:153] oneDNN custom operations are on. You may see slightly different numerical results due to floating-point round-off errors from different computation orders. To turn them off, set the environment variable `TF_ENABLE_ONEDNN_OPTS=0`.
final seeds : 301..330  (S=30)
partition   : test
freeze tag  : present

[A2p]
2026-09-03 05:24:59.413891: I tensorflow/core/platform/cpu_feature_guard.cc:210] This TensorFlow binary is optimized to use available CPU instructions in performance-critical operations.
To enable the following instructions: SSE3 SSE4.1 SSE4.2 AVX AVX2 FMA, in other operations, rebuild TensorFlow with the appropriate compiler flags.
C:\Users\HP\AppData\Roaming\Python\Python313\site-packages\keras\src\optimizers\base_optimizer.py:862: UserWarning: Gradients do not exist for variables ['sca_conv_pw_7_relu/const_embed'] when minimizing the loss. If using `model.compile()`, did you forget to provide a `loss` argument?
  warnings.warn(
  A2_mid_predicted rmsprop lr=1e-04    seed=301 ep= 8 test_acc=0.7258 (111s)
    script classifier acc (test): 0.8226
WARNING:tensorflow:5 out of the last 40 calls to <function TensorFlowTrainer.make_predict_function.<locals>.one_step_on_data_distributed at 0x0000017884296B60> triggered tf.function retracing. Tracing is expensive and the excessive number of tracings could be due to (1) creating @tf.function repeatedly in a loop, (2) passing tensors with different shapes, (3) passing Python objects instead of tensors. For (1), please define your @tf.function outside of the loop. For (2), @tf.function has reduce_retracing=True option that can avoid unnecessary retracing. For (3), please refer to https://www.tensorflow.org/guide/function#controlling_retracing and https://www.tensorflow.org/api_docs/python/tf/function for  more details.
C:\Users\HP\AppData\Roaming\Python\Python313\site-packages\keras\src\optimizers\base_optimizer.py:862: UserWarning: Gradients do not exist for variables ['sca_conv_pw_7_relu/const_embed'] when minimizing the loss. If using `model.compile()`, did you forget to provide a `loss` argument?
  warnings.warn(
  A2_mid_predicted rmsprop lr=1e-04    seed=302 ep=11 test_acc=0.7581 (173s)
    script classifier acc (test): 0.8226
WARNING:tensorflow:5 out of the last 40 calls to <function TensorFlowTrainer.make_predict_function.<locals>.one_step_on_data_distributed at 0x0000017882CE4D60> triggered tf.function retracing. Tracing is expensive and the excessive number of tracings could be due to (1) creating @tf.function repeatedly in a loop, (2) passing tensors with different shapes, (3) passing Python objects instead of tensors. For (1), please define your @tf.function outside of the loop. For (2), @tf.function has reduce_retracing=True option that can avoid unnecessary retracing. For (3), please refer to https://www.tensorflow.org/guide/function#controlling_retracing and https://www.tensorflow.org/api_docs/python/tf/function for  more details.
C:\Users\HP\AppData\Roaming\Python\Python313\site-packages\keras\src\optimizers\base_optimizer.py:862: UserWarning: Gradients do not exist for variables ['sca_conv_pw_7_relu/const_embed'] when minimizing the loss. If using `model.compile()`, did you forget to provide a `loss` argument?
  warnings.warn(
  A2_mid_predicted rmsprop lr=1e-04    seed=303 ep=12 test_acc=0.7903 (160s)
    script classifier acc (test): 0.8548
C:\Users\HP\AppData\Roaming\Python\Python313\site-packages\keras\src\optimizers\base_optimizer.py:862: UserWarning: Gradients do not exist for variables ['sca_conv_pw_7_relu/const_embed'] when minimizing the loss. If using `model.compile()`, did you forget to provide a `loss` argument?
  warnings.warn(
  A2_mid_predicted rmsprop lr=1e-04    seed=304 ep= 8 test_acc=0.6935 (95s)
    script classifier acc (test): 0.8548
C:\Users\HP\AppData\Roaming\Python\Python313\site-packages\keras\src\optimizers\base_optimizer.py:862: UserWarning: Gradients do not exist for variables ['sca_conv_pw_7_relu/const_embed'] when minimizing the loss. If using `model.compile()`, did you forget to provide a `loss` argument?
  warnings.warn(
  A2_mid_predicted rmsprop lr=1e-04    seed=305 ep=11 test_acc=0.8065 (149s)
    script classifier acc (test): 0.8710
C:\Users\HP\AppData\Roaming\Python\Python313\site-packages\keras\src\optimizers\base_optimizer.py:862: UserWarning: Gradients do not exist for variables ['sca_conv_pw_7_relu/const_embed'] when minimizing the loss. If using `model.compile()`, did you forget to provide a `loss` argument?
  warnings.warn(
  A2_mid_predicted rmsprop lr=1e-04    seed=306 ep=14 test_acc=0.7581 (184s)
    script classifier acc (test): 0.8548
C:\Users\HP\AppData\Roaming\Python\Python313\site-packages\keras\src\optimizers\base_optimizer.py:862: UserWarning: Gradients do not exist for variables ['sca_conv_pw_7_relu/const_embed'] when minimizing the loss. If using `model.compile()`, did you forget to provide a `loss` argument?
  warnings.warn(
  A2_mid_predicted rmsprop lr=1e-04    seed=307 ep= 7 test_acc=0.7097 (92s)
    script classifier acc (test): 0.9032
C:\Users\HP\AppData\Roaming\Python\Python313\site-packages\keras\src\optimizers\base_optimizer.py:862: UserWarning: Gradients do not exist for variables ['sca_conv_pw_7_relu/const_embed'] when minimizing the loss. If using `model.compile()`, did you forget to provide a `loss` argument?
  warnings.warn(
  A2_mid_predicted rmsprop lr=1e-04    seed=308 ep=10 test_acc=0.6774 (111s)
    script classifier acc (test): 0.8548
C:\Users\HP\AppData\Roaming\Python\Python313\site-packages\keras\src\optimizers\base_optimizer.py:862: UserWarning: Gradients do not exist for variables ['sca_conv_pw_7_relu/const_embed'] when minimizing the loss. If using `model.compile()`, did you forget to provide a `loss` argument?
  warnings.warn(
  A2_mid_predicted rmsprop lr=1e-04    seed=309 ep= 6 test_acc=0.7097 (74s)
    script classifier acc (test): 0.8548
C:\Users\HP\AppData\Roaming\Python\Python313\site-packages\keras\src\optimizers\base_optimizer.py:862: UserWarning: Gradients do not exist for variables ['sca_conv_pw_7_relu/const_embed'] when minimizing the loss. If using `model.compile()`, did you forget to provide a `loss` argument?
  warnings.warn(
  A2_mid_predicted rmsprop lr=1e-04    seed=310 ep= 6 test_acc=0.6935 (86s)
    script classifier acc (test): 0.8387
C:\Users\HP\AppData\Roaming\Python\Python313\site-packages\keras\src\optimizers\base_optimizer.py:862: UserWarning: Gradients do not exist for variables ['sca_conv_pw_7_relu/const_embed'] when minimizing the loss. If using `model.compile()`, did you forget to provide a `loss` argument?
  warnings.warn(
  A2_mid_predicted rmsprop lr=1e-04    seed=311 ep=17 test_acc=0.7742 (311s)
    script classifier acc (test): 0.8548
C:\Users\HP\AppData\Roaming\Python\Python313\site-packages\keras\src\optimizers\base_optimizer.py:862: UserWarning: Gradients do not exist for variables ['sca_conv_pw_7_relu/const_embed'] when minimizing the loss. If using `model.compile()`, did you forget to provide a `loss` argument?
  warnings.warn(
  A2_mid_predicted rmsprop lr=1e-04    seed=312 ep=11 test_acc=0.7581 (146s)
    script classifier acc (test): 0.8548
C:\Users\HP\AppData\Roaming\Python\Python313\site-packages\keras\src\optimizers\base_optimizer.py:862: UserWarning: Gradients do not exist for variables ['sca_conv_pw_7_relu/const_embed'] when minimizing the loss. If using `model.compile()`, did you forget to provide a `loss` argument?
  warnings.warn(
  A2_mid_predicted rmsprop lr=1e-04    seed=313 ep=12 test_acc=0.7419 (179s)
    script classifier acc (test): 0.8226
C:\Users\HP\AppData\Roaming\Python\Python313\site-packages\keras\src\optimizers\base_optimizer.py:862: UserWarning: Gradients do not exist for variables ['sca_conv_pw_7_relu/const_embed'] when minimizing the loss. If using `model.compile()`, did you forget to provide a `loss` argument?
  warnings.warn(
  A2_mid_predicted rmsprop lr=1e-04    seed=314 ep= 7 test_acc=0.7258 (93s)
    script classifier acc (test): 0.9032
C:\Users\HP\AppData\Roaming\Python\Python313\site-packages\keras\src\optimizers\base_optimizer.py:862: UserWarning: Gradients do not exist for variables ['sca_conv_pw_7_relu/const_embed'] when minimizing the loss. If using `model.compile()`, did you forget to provide a `loss` argument?
  warnings.warn(
  A2_mid_predicted rmsprop lr=1e-04    seed=315 ep= 8 test_acc=0.6290 (92s)
    script classifier acc (test): 0.8548
C:\Users\HP\AppData\Roaming\Python\Python313\site-packages\keras\src\optimizers\base_optimizer.py:862: UserWarning: Gradients do not exist for variables ['sca_conv_pw_7_relu/const_embed'] when minimizing the loss. If using `model.compile()`, did you forget to provide a `loss` argument?
  warnings.warn(
  A2_mid_predicted rmsprop lr=1e-04    seed=316 ep=10 test_acc=0.7742 (131s)
    script classifier acc (test): 0.8065
C:\Users\HP\AppData\Roaming\Python\Python313\site-packages\keras\src\optimizers\base_optimizer.py:862: UserWarning: Gradients do not exist for variables ['sca_conv_pw_7_relu/const_embed'] when minimizing the loss. If using `model.compile()`, did you forget to provide a `loss` argument?
  warnings.warn(
  A2_mid_predicted rmsprop lr=1e-04    seed=317 ep= 9 test_acc=0.7581 (100s)
    script classifier acc (test): 0.8710
C:\Users\HP\AppData\Roaming\Python\Python313\site-packages\keras\src\optimizers\base_optimizer.py:862: UserWarning: Gradients do not exist for variables ['sca_conv_pw_7_relu/const_embed'] when minimizing the loss. If using `model.compile()`, did you forget to provide a `loss` argument?
  warnings.warn(
  A2_mid_predicted rmsprop lr=1e-04    seed=318 ep= 7 test_acc=0.7258 (80s)
    script classifier acc (test): 0.8871
C:\Users\HP\AppData\Roaming\Python\Python313\site-packages\keras\src\optimizers\base_optimizer.py:862: UserWarning: Gradients do not exist for variables ['sca_conv_pw_7_relu/const_embed'] when minimizing the loss. If using `model.compile()`, did you forget to provide a `loss` argument?
  warnings.warn(
  A2_mid_predicted rmsprop lr=1e-04    seed=319 ep= 7 test_acc=0.6774 (89s)
    script classifier acc (test): 0.8226
C:\Users\HP\AppData\Roaming\Python\Python313\site-packages\keras\src\optimizers\base_optimizer.py:862: UserWarning: Gradients do not exist for variables ['sca_conv_pw_7_relu/const_embed'] when minimizing the loss. If using `model.compile()`, did you forget to provide a `loss` argument?
  warnings.warn(
  A2_mid_predicted rmsprop lr=1e-04    seed=320 ep= 7 test_acc=0.6935 (79s)
    script classifier acc (test): 0.8387
C:\Users\HP\AppData\Roaming\Python\Python313\site-packages\keras\src\optimizers\base_optimizer.py:862: UserWarning: Gradients do not exist for variables ['sca_conv_pw_7_relu/const_embed'] when minimizing the loss. If using `model.compile()`, did you forget to provide a `loss` argument?
  warnings.warn(
  A2_mid_predicted rmsprop lr=1e-04    seed=321 ep= 8 test_acc=0.7742 (90s)
    script classifier acc (test): 0.8548
C:\Users\HP\AppData\Roaming\Python\Python313\site-packages\keras\src\optimizers\base_optimizer.py:862: UserWarning: Gradients do not exist for variables ['sca_conv_pw_7_relu/const_embed'] when minimizing the loss. If using `model.compile()`, did you forget to provide a `loss` argument?
  warnings.warn(
  A2_mid_predicted rmsprop lr=1e-04    seed=322 ep=11 test_acc=0.7419 (121s)
    script classifier acc (test): 0.8710
C:\Users\HP\AppData\Roaming\Python\Python313\site-packages\keras\src\optimizers\base_optimizer.py:862: UserWarning: Gradients do not exist for variables ['sca_conv_pw_7_relu/const_embed'] when minimizing the loss. If using `model.compile()`, did you forget to provide a `loss` argument?
  warnings.warn(
  A2_mid_predicted rmsprop lr=1e-04    seed=323 ep= 6 test_acc=0.6935 (68s)
    script classifier acc (test): 0.8548
C:\Users\HP\AppData\Roaming\Python\Python313\site-packages\keras\src\optimizers\base_optimizer.py:862: UserWarning: Gradients do not exist for variables ['sca_conv_pw_7_relu/const_embed'] when minimizing the loss. If using `model.compile()`, did you forget to provide a `loss` argument?
  warnings.warn(
  A2_mid_predicted rmsprop lr=1e-04    seed=324 ep=10 test_acc=0.7742 (110s)
    script classifier acc (test): 0.8710
C:\Users\HP\AppData\Roaming\Python\Python313\site-packages\keras\src\optimizers\base_optimizer.py:862: UserWarning: Gradients do not exist for variables ['sca_conv_pw_7_relu/const_embed'] when minimizing the loss. If using `model.compile()`, did you forget to provide a `loss` argument?
  warnings.warn(
  A2_mid_predicted rmsprop lr=1e-04    seed=325 ep=10 test_acc=0.7742 (112s)
    script classifier acc (test): 0.8710
C:\Users\HP\AppData\Roaming\Python\Python313\site-packages\keras\src\optimizers\base_optimizer.py:862: UserWarning: Gradients do not exist for variables ['sca_conv_pw_7_relu/const_embed'] when minimizing the loss. If using `model.compile()`, did you forget to provide a `loss` argument?
  warnings.warn(
  A2_mid_predicted rmsprop lr=1e-04    seed=326 ep=11 test_acc=0.7903 (121s)
    script classifier acc (test): 0.8871
C:\Users\HP\AppData\Roaming\Python\Python313\site-packages\keras\src\optimizers\base_optimizer.py:862: UserWarning: Gradients do not exist for variables ['sca_conv_pw_7_relu/const_embed'] when minimizing the loss. If using `model.compile()`, did you forget to provide a `loss` argument?
  warnings.warn(
  A2_mid_predicted rmsprop lr=1e-04    seed=327 ep= 8 test_acc=0.7258 (89s)
    script classifier acc (test): 0.8710
C:\Users\HP\AppData\Roaming\Python\Python313\site-packages\keras\src\optimizers\base_optimizer.py:862: UserWarning: Gradients do not exist for variables ['sca_conv_pw_7_relu/const_embed'] when minimizing the loss. If using `model.compile()`, did you forget to provide a `loss` argument?
  warnings.warn(
  A2_mid_predicted rmsprop lr=1e-04    seed=328 ep= 9 test_acc=0.7742 (100s)
    script classifier acc (test): 0.8548
C:\Users\HP\AppData\Roaming\Python\Python313\site-packages\keras\src\optimizers\base_optimizer.py:862: UserWarning: Gradients do not exist for variables ['sca_conv_pw_7_relu/const_embed'] when minimizing the loss. If using `model.compile()`, did you forget to provide a `loss` argument?
  warnings.warn(
  A2_mid_predicted rmsprop lr=1e-04    seed=329 ep= 8 test_acc=0.7419 (89s)
    script classifier acc (test): 0.8710
C:\Users\HP\AppData\Roaming\Python\Python313\site-packages\keras\src\optimizers\base_optimizer.py:862: UserWarning: Gradients do not exist for variables ['sca_conv_pw_7_relu/const_embed'] when minimizing the loss. If using `model.compile()`, did you forget to provide a `loss` argument?
  warnings.warn(
  A2_mid_predicted rmsprop lr=1e-04    seed=330 ep=11 test_acc=0.7097 (131s)
    script classifier acc (test): 0.8226

[A4]
  A4             seed=301 test_acc=0.7097 (47s)
  A4             seed=302 test_acc=0.7097 (22s)
  A4             seed=303 test_acc=0.6935 (31s)
  A4             seed=304 test_acc=0.6935 (26s)
  A4             seed=305 test_acc=0.7581 (31s)
  A4             seed=306 test_acc=0.6452 (26s)
  A4             seed=307 test_acc=0.7258 (24s)
  A4             seed=308 test_acc=0.7258 (30s)
  A4             seed=309 test_acc=0.7419 (20s)
  A4             seed=310 test_acc=0.7097 (27s)
  A4             seed=311 test_acc=0.6613 (26s)
  A4             seed=312 test_acc=0.6935 (35s)
  A4             seed=313 test_acc=0.6935 (20s)
  A4             seed=314 test_acc=0.6452 (22s)
  A4             seed=315 test_acc=0.7258 (25s)
  A4             seed=316 test_acc=0.6774 (23s)
  A4             seed=317 test_acc=0.7903 (31s)
  A4             seed=318 test_acc=0.7903 (29s)
  A4             seed=319 test_acc=0.7258 (23s)
  A4             seed=320 test_acc=0.6774 (22s)
  A4             seed=321 test_acc=0.7581 (24s)
  A4             seed=322 test_acc=0.7742 (28s)
  A4             seed=323 test_acc=0.7742 (32s)
  A4             seed=324 test_acc=0.8065 (24s)
  A4             seed=325 test_acc=0.6774 (20s)
  A4             seed=326 test_acc=0.7258 (24s)
  A4             seed=327 test_acc=0.6935 (24s)
  A4             seed=328 test_acc=0.7581 (30s)
  A4             seed=329 test_acc=0.6935 (25s)
  A4             seed=330 test_acc=0.7419 (32s)

log: results/all_runs.csv
